> Task :app:checkKotlinGradlePluginConfigurationErrors SKIPPED
> Task :app:preBuild UP-TO-DATE
> Task :app:preDebugBuild UP-TO-DATE
> Task :app:checkDebugAarMetadata UP-TO-DATE
> Task :app:generateDebugResValues UP-TO-DATE
> Task :app:mapDebugSourceSetPaths UP-TO-DATE
> Task :app:generateDebugResources UP-TO-DATE
> Task :app:mergeDebugResources UP-TO-DATE
> Task :app:packageDebugResources UP-TO-DATE
> Task :app:parseDebugLocalResources UP-TO-DATE
> Task :app:createDebugCompatibleScreenManifests UP-TO-DATE
> Task :app:extractDeepLinksDebug UP-TO-DATE
> Task :app:processDebugMainManifest
> Task :app:processDebugManifest
> Task :app:processDebugManifestForPackage
> Task :app:processDebugResources

> Task :app:compileDebugKotlin FAILED
./gradlew : e: file:///C:/Us
ers/babyk/AndroidStudioProje
cts/SavorShelf/app/src/main/
java/com/simats/savorshelf/A
lertTimingScreen.kt:459:2 
Syntax error: Expecting '}'.
At line:1 char:1
+ ./gradlew 
:app:compileDebugKotlin 
--console=plain > 
build_errors.txt  ...
+ ~~~~~~~~~~~~~~~~~~~~~~~~~~
~~~~~~~~~~~~~~~~~~~~~~~~~~~~
~~~~~~~~~~~~~~~
    + CategoryInfo          
    : NotSpecified: (e: fi  
  le:///C:/U... Expecting   
  '}'.:String) [], Remot    
eException
    + FullyQualifiedErrorId 
    : NativeCommandError
 
e: file:///C:/Users/babyk/An
droidStudioProjects/SavorShe
lf/app/src/main/java/com/sim
ats/savorshelf/ChangePasswor
dScreen.kt:324:2 Syntax 
error: Expecting '}'.
e: file:///C:/Users/babyk/An
droidStudioProjects/SavorShe
lf/app/src/main/java/com/sim
ats/savorshelf/ConfirmProduc
tScreen.kt:223:21 
Unresolved reference 
'LabeledInput'.
e: file:///C:/Users/babyk/An
droidStudioProjects/SavorShe
lf/app/src/main/java/com/sim
ats/savorshelf/ConfirmProduc
tScreen.kt:223:79 
Unresolved reference 'it'.
e: file:///C:/Users/babyk/An
droidStudioProjects/SavorShe
lf/app/src/main/java/com/sim
ats/savorshelf/ConfirmProduc
tScreen.kt:226:21 
Unresolved reference 
'LabeledInput'.
e: file:///C:/Users/babyk/An
droidStudioProjects/SavorShe
lf/app/src/main/java/com/sim
ats/savorshelf/ConfirmProduc
tScreen.kt:226:80 
Unresolved reference 'it'.
e: file:///C:/Users/babyk/An
droidStudioProjects/SavorShe
lf/app/src/main/java/com/sim
ats/savorshelf/ConfirmProduc
tScreen.kt:229:21 
Unresolved reference 
'LabeledInput'.
e: file:///C:/Users/babyk/An
droidStudioProjects/SavorShe
lf/app/src/main/java/com/sim
ats/savorshelf/ConfirmProduc
tScreen.kt:229:78 
Unresolved reference 'it'.
e: file:///C:/Users/babyk/An
droidStudioProjects/SavorShe
lf/app/src/main/java/com/sim
ats/savorshelf/ConfirmProduc
tScreen.kt:255:21 
Unresolved reference 
'LabeledInput'.
e: file:///C:/Users/babyk/An
droidStudioProjects/SavorShe
lf/app/src/main/java/com/sim
ats/savorshelf/ConfirmProduc
tScreen.kt:255:93 
Unresolved reference 'it'.
e: file:///C:/Users/babyk/An
droidStudioProjects/SavorShe
lf/app/src/main/java/com/sim
ats/savorshelf/ConfirmProduc
tScreen.kt:273:25 
Unresolved reference 
'StorageSmallCard'.
e: file:///C:/Users/babyk/An
droidStudioProjects/SavorShe
lf/app/src/main/java/com/sim
ats/savorshelf/ConfirmProduc
tScreen.kt:274:25 
Unresolved reference 
'StorageSmallCard'.
e: file:///C:/Users/babyk/An
droidStudioProjects/SavorShe
lf/app/src/main/java/com/sim
ats/savorshelf/ConfirmProduc
tScreen.kt:275:25 
Unresolved reference 
'StorageSmallCard'.
e: file:///C:/Users/babyk/An
droidStudioProjects/SavorShe
lf/app/src/main/java/com/sim
ats/savorshelf/ConfirmProduc
tScreen.kt:357:2 Syntax 
error: Expecting '}'.
e: file:///C:/Users/babyk/An
droidStudioProjects/SavorShe
lf/app/src/main/java/com/sim
ats/savorshelf/EditProfileSc
reen.kt:386:2 Syntax error: 
Expecting '}'.
e: file:///C:/Users/babyk/An
droidStudioProjects/SavorShe
lf/app/src/main/java/com/sim
ats/savorshelf/ProductDetail
sScreen.kt:351:2 Syntax 
error: Expecting '}'.

[Incubating] Problems report is available at: file:///C:/Users/babyk/AndroidStudioProjects/SavorShelf/build/reports/problems/problems-report.html

FAILURE: Build failed with 
an exception.

* What went wrong:
Execution failed for task 
':app:compileDebugKotlin'.
> A failure occurred while 
executing org.jetbrains.kotl
in.compilerRunner.GradleComp
ilerRunnerWithWorkers$Gradle
KotlinCompilerWorkAction
   > Compilation error. See 
log for more details

* Try:
> Run with --stacktrace 
option to get the stack 
trace.
> Run with --info or 
--debug option to get more 
log output.
> Run with --scan to 
generate a Build Scan 
(powered by Develocity).
> Get more help at 
https://help.gradle.org.

Deprecated Gradle features were used in this build, making it incompatible with Gradle 10.

You can use '--warning-mode all' to show the individual deprecation warnings and determine if they come from your own scripts or plugins.

For more on this, please refer to https://docs.gradle.org/9.2.1/userguide/command_line_interface.html#sec:command_line_warnings in the Gradle documentation.

BUILD FAILED in 3s
14 actionable tasks: 5 executed, 9 up-to-date
